Downloading https://services.gradle.org/distributions/gradle-8.8-bin.zip
.............10%.............20%.............30%.............40%.............50%.............60%..............70%.............80%.............90%.............100%
Starting a Gradle Daemon (subsequent builds will be faster)

FAILURE: Build failed with an exception.

* What went wrong:
Could not determine the dependencies of task ':app:testDebugUnitTest'.
> SDK location not found. Define a valid SDK location with an ANDROID_HOME environment variable or by setting the sdk.dir path in your project's local properties file at '/app/local.properties'.

* Try:
> Run with --stacktrace option to get the stack trace.
> Run with --info or --debug option to get more log output.
> Run with --scan to get full insights.
> Get more help at https://help.gradle.org.

BUILD FAILED in 2m 40s
